Partition Merge report for rgb_fpga
Thu Aug 07 18:01:13 2025
Quartus II 64-Bit Version 13.1.0 Build 162 10/23/2013 SJ Full Version


---------------------
; Table of Contents ;
---------------------
  1. Legal Notice
  2. Partition Merge Summary
  3. Partition Merge Netlist Types Used
  4. Partition Merge Partition Statistics
  5. Partition Merge Partition Pin Processing
  6. Partition Merge Resource Usage Summary
  7. Partition Merge Messages



----------------
; Legal Notice ;
----------------
Copyright (C) 1991-2013 Altera Corporation
Your use of Altera Corporation's design tools, logic functions 
and other software and tools, and its AMPP partner logic 
functions, and any output files from any of the foregoing 
(including device programming or simulation files), and any 
associated documentation or information are expressly subject 
to the terms and conditions of the Altera Program License 
Subscription Agreement, Altera MegaCore Function License 
Agreement, or other applicable license agreement, including, 
without limitation, that your use is for the sole purpose of 
programming logic devices manufactured by Altera and sold by 
Altera or its authorized distributors.  Please refer to the 
applicable agreement for further details.



+----------------------------------------------------------------------------------+
; Partition Merge Summary                                                          ;
+------------------------------------+---------------------------------------------+
; Partition Merge Status             ; Successful - Thu Aug 07 18:01:13 2025       ;
; Quartus II 64-Bit Version          ; 13.1.0 Build 162 10/23/2013 SJ Full Version ;
; Revision Name                      ; rgb_fpga                                    ;
; Top-level Entity Name              ; rgb_fpga                                    ;
; Family                             ; Cyclone IV E                                ;
; Total logic elements               ; 711 / 10,320 ( 7 % )                        ;
;     Total combinational functions  ; 673 / 10,320 ( 7 % )                        ;
;     Dedicated logic registers      ; 78 / 10,320 ( < 1 % )                       ;
; Total registers                    ; 78                                          ;
; Total pins                         ; 31 / 180 ( 17 % )                           ;
; Total virtual pins                 ; 0                                           ;
; Total memory bits                  ; 0 / 423,936 ( 0 % )                         ;
; Embedded Multiplier 9-bit elements ; 0 / 46 ( 0 % )                              ;
; Total PLLs                         ; 1 / 2 ( 50 % )                              ;
+------------------------------------+---------------------------------------------+


+-------------------------------------------------------------------------------------------------------------------------------+
; Partition Merge Netlist Types Used                                                                                            ;
+--------------------------------+----------------+-------------------+------------------------+--------------------------------+
; Partition Name                 ; Partition Type ; Netlist Type Used ; Netlist Type Requested ; Partition Contents             ;
+--------------------------------+----------------+-------------------+------------------------+--------------------------------+
; Top                            ; User-created   ; Post-Fit          ; Post-Fit               ;                                ;
; hard_block:auto_generated_inst ; Auto-generated ; Source File       ; Source File            ; hard_block:auto_generated_inst ;
+--------------------------------+----------------+-------------------+------------------------+--------------------------------+


+-----------------------------------------------------------------------------------------------------+
; Partition Merge Partition Statistics                                                                ;
+---------------------------------------------+----------------------+--------------------------------+
; Statistic                                   ; Top                  ; hard_block:auto_generated_inst ;
+---------------------------------------------+----------------------+--------------------------------+
; Estimated Total logic elements              ; 711 / 10320 ( 7 % )  ; 0 / 10320 ( 0 % )              ;
;                                             ;                      ;                                ;
; Total combinational functions               ; 673                  ; 0                              ;
; Logic element usage by number of LUT inputs ;                      ;                                ;
;     -- 4 input functions                    ; 152                  ; 0                              ;
;     -- 3 input functions                    ; 165                  ; 0                              ;
;     -- <=2 input functions                  ; 356                  ; 0                              ;
;                                             ;                      ;                                ;
; Logic elements by mode                      ;                      ;                                ;
;     -- normal mode                          ; 446                  ; 0                              ;
;     -- arithmetic mode                      ; 227                  ; 0                              ;
;                                             ;                      ;                                ;
; Total registers                             ; 78                   ; 0                              ;
;     -- Dedicated logic registers            ; 78 / 10320 ( < 1 % ) ; 0 / 10320 ( 0 % )              ;
;     -- I/O registers                        ; 0                    ; 0                              ;
;                                             ;                      ;                                ;
; Virtual pins                                ; 0                    ; 0                              ;
; I/O pins                                    ; 31                   ; 0                              ;
; Embedded Multiplier 9-bit elements          ; 0 / 46 ( 0 % )       ; 0 / 46 ( 0 % )                 ;
; Total memory bits                           ; 0                    ; 0                              ;
; Total RAM block bits                        ; 0                    ; 0                              ;
; PLL                                         ; 0 / 2 ( 0 % )        ; 1 / 2 ( 50 % )                 ;
;                                             ;                      ;                                ;
; Connections                                 ;                      ;                                ;
;     -- Input Connections                    ; 79                   ; 2                              ;
;     -- Registered Input Connections         ; 78                   ; 0                              ;
;     -- Output Connections                   ; 2                    ; 79                             ;
;     -- Registered Output Connections        ; 0                    ; 0                              ;
;                                             ;                      ;                                ;
; Internal Connections                        ;                      ;                                ;
;     -- Total Connections                    ; 2104                 ; 82                             ;
;     -- Registered Connections               ; 297                  ; 0                              ;
;                                             ;                      ;                                ;
; External Connections                        ;                      ;                                ;
;     -- Top                                  ; 0                    ; 81                             ;
;     -- hard_block:auto_generated_inst       ; 81                   ; 0                              ;
;                                             ;                      ;                                ;
; Partition Interface                         ;                      ;                                ;
;     -- Input Ports                          ; 3                    ; 2                              ;
;     -- Output Ports                         ; 28                   ; 1                              ;
;     -- Bidir Ports                          ; 0                    ; 0                              ;
;                                             ;                      ;                                ;
; Registered Ports                            ;                      ;                                ;
;     -- Registered Input Ports               ; 0                    ; 0                              ;
;     -- Registered Output Ports              ; 0                    ; 0                              ;
;                                             ;                      ;                                ;
; Port Connectivity                           ;                      ;                                ;
;     -- Input Ports driven by GND            ; 0                    ; 0                              ;
;     -- Output Ports driven by GND           ; 0                    ; 0                              ;
;     -- Input Ports driven by VCC            ; 0                    ; 0                              ;
;     -- Output Ports driven by VCC           ; 0                    ; 0                              ;
;     -- Input Ports with no Source           ; 0                    ; 0                              ;
;     -- Output Ports with no Source          ; 0                    ; 0                              ;
;     -- Input Ports with no Fanout           ; 0                    ; 0                              ;
;     -- Output Ports with no Fanout          ; 0                    ; 0                              ;
+---------------------------------------------+----------------------+--------------------------------+
Note: Resource usage numbers presented for Partitions containing post-synthesis logic are estimates.  For Partitions containing post-fit logic, resource usage numbers are accurate based on previous placement information.  Actual Fitter results may vary depending on current Fitter Preservation Level assignments.


+--------------------------------------------------------------------------------------------------------------------------+
; Partition Merge Partition Pin Processing                                                                                 ;
+---------------------------+-----------+---------------+--------------------+---------------------------------------------+
; Name                      ; Partition ; Type          ; Location           ; Status                                      ;
+---------------------------+-----------+---------------+--------------------+---------------------------------------------+
; btn_next_img              ; Top       ; Input Port    ; n/a                ;                                             ;
;     -- btn_next_img       ; Top       ; Input Pad     ; IOPAD_X34_Y12_N14  ; Preserved from Post-Fit or Imported Netlist ;
;     -- btn_next_img~input ; Top       ; Input Buffer  ; IOIBUF_X34_Y12_N15 ; Preserved from Post-Fit or Imported Netlist ;
;                           ;           ;               ;                    ;                                             ;
; clk                       ; Top       ; Input Port    ; n/a                ;                                             ;
;     -- clk                ; Top       ; Input Pad     ; IOPAD_X0_Y11_N14   ; Preserved from Post-Fit or Imported Netlist ;
;     -- clk~input          ; Top       ; Input Buffer  ; IOIBUF_X0_Y11_N15  ; Preserved from Post-Fit or Imported Netlist ;
;                           ;           ;               ;                    ;                                             ;
; den                       ; Top       ; Output Port   ; n/a                ;                                             ;
;     -- den                ; Top       ; Output Pad    ; IOPAD_X7_Y24_N7    ; Preserved from Post-Fit or Imported Netlist ;
;     -- den~output         ; Top       ; Output Buffer ; IOOBUF_X7_Y24_N9   ; Preserved from Post-Fit or Imported Netlist ;
;                           ;           ;               ;                    ;                                             ;
; hs                        ; Top       ; Output Port   ; n/a                ;                                             ;
;     -- hs                 ; Top       ; Output Pad    ; IOPAD_X30_Y24_N21  ; Preserved from Post-Fit or Imported Netlist ;
;     -- hs~output          ; Top       ; Output Buffer ; IOOBUF_X30_Y24_N23 ; Preserved from Post-Fit or Imported Netlist ;
;                           ;           ;               ;                    ;                                             ;
; pclk                      ; Top       ; Output Port   ; n/a                ;                                             ;
;     -- pclk               ; Top       ; Output Pad    ; IOPAD_X3_Y24_N0    ; Preserved from Post-Fit or Imported Netlist ;
;     -- pclk~output        ; Top       ; Output Buffer ; IOOBUF_X3_Y24_N2   ; Preserved from Post-Fit or Imported Netlist ;
;                           ;           ;               ;                    ;                                             ;
; rgb[0]                    ; Top       ; Output Port   ; n/a                ;                                             ;
;     -- rgb[0]             ; Top       ; Output Pad    ; IOPAD_X0_Y21_N21   ; Preserved from Post-Fit or Imported Netlist ;
;     -- rgb[0]~output      ; Top       ; Output Buffer ; IOOBUF_X0_Y21_N23  ; Preserved from Post-Fit or Imported Netlist ;
;                           ;           ;               ;                    ;                                             ;
; rgb[10]                   ; Top       ; Output Port   ; n/a                ;                                             ;
;     -- rgb[10]            ; Top       ; Output Pad    ; IOPAD_X16_Y24_N21  ; Preserved from Post-Fit or Imported Netlist ;
;     -- rgb[10]~output     ; Top       ; Output Buffer ; IOOBUF_X16_Y24_N23 ; Preserved from Post-Fit or Imported Netlist ;
;                           ;           ;               ;                    ;                                             ;
; rgb[11]                   ; Top       ; Output Port   ; n/a                ;                                             ;
;     -- rgb[11]            ; Top       ; Output Pad    ; IOPAD_X1_Y0_N21    ; Preserved from Post-Fit or Imported Netlist ;
;     -- rgb[11]~output     ; Top       ; Output Buffer ; IOOBUF_X1_Y0_N23   ; Preserved from Post-Fit or Imported Netlist ;
;                           ;           ;               ;                    ;                                             ;
; rgb[12]                   ; Top       ; Output Port   ; n/a                ;                                             ;
;     -- rgb[12]            ; Top       ; Output Pad    ; IOPAD_X0_Y6_N21    ; Preserved from Post-Fit or Imported Netlist ;
;     -- rgb[12]~output     ; Top       ; Output Buffer ; IOOBUF_X0_Y6_N23   ; Preserved from Post-Fit or Imported Netlist ;
;                           ;           ;               ;                    ;                                             ;
; rgb[13]                   ; Top       ; Output Port   ; n/a                ;                                             ;
;     -- rgb[13]            ; Top       ; Output Pad    ; IOPAD_X0_Y7_N0     ; Preserved from Post-Fit or Imported Netlist ;
;     -- rgb[13]~output     ; Top       ; Output Buffer ; IOOBUF_X0_Y7_N2    ; Preserved from Post-Fit or Imported Netlist ;
;                           ;           ;               ;                    ;                                             ;
; rgb[14]                   ; Top       ; Output Port   ; n/a                ;                                             ;
;     -- rgb[14]            ; Top       ; Output Pad    ; IOPAD_X0_Y9_N7     ; Preserved from Post-Fit or Imported Netlist ;
;     -- rgb[14]~output     ; Top       ; Output Buffer ; IOOBUF_X0_Y9_N9    ; Preserved from Post-Fit or Imported Netlist ;
;                           ;           ;               ;                    ;                                             ;
; rgb[15]                   ; Top       ; Output Port   ; n/a                ;                                             ;
;     -- rgb[15]            ; Top       ; Output Pad    ; IOPAD_X0_Y6_N14    ; Preserved from Post-Fit or Imported Netlist ;
;     -- rgb[15]~output     ; Top       ; Output Buffer ; IOOBUF_X0_Y6_N16   ; Preserved from Post-Fit or Imported Netlist ;
;                           ;           ;               ;                    ;                                             ;
; rgb[16]                   ; Top       ; Output Port   ; n/a                ;                                             ;
;     -- rgb[16]            ; Top       ; Output Pad    ; IOPAD_X0_Y9_N0     ; Preserved from Post-Fit or Imported Netlist ;
;     -- rgb[16]~output     ; Top       ; Output Buffer ; IOOBUF_X0_Y9_N2    ; Preserved from Post-Fit or Imported Netlist ;
;                           ;           ;               ;                    ;                                             ;
; rgb[17]                   ; Top       ; Output Port   ; n/a                ;                                             ;
;     -- rgb[17]            ; Top       ; Output Pad    ; IOPAD_X0_Y10_N21   ; Preserved from Post-Fit or Imported Netlist ;
;     -- rgb[17]~output     ; Top       ; Output Buffer ; IOOBUF_X0_Y10_N23  ; Preserved from Post-Fit or Imported Netlist ;
;                           ;           ;               ;                    ;                                             ;
; rgb[18]                   ; Top       ; Output Port   ; n/a                ;                                             ;
;     -- rgb[18]            ; Top       ; Output Pad    ; IOPAD_X11_Y0_N7    ; Preserved from Post-Fit or Imported Netlist ;
;     -- rgb[18]~output     ; Top       ; Output Buffer ; IOOBUF_X11_Y0_N9   ; Preserved from Post-Fit or Imported Netlist ;
;                           ;           ;               ;                    ;                                             ;
; rgb[19]                   ; Top       ; Output Port   ; n/a                ;                                             ;
;     -- rgb[19]            ; Top       ; Output Pad    ; IOPAD_X9_Y0_N14    ; Preserved from Post-Fit or Imported Netlist ;
;     -- rgb[19]~output     ; Top       ; Output Buffer ; IOOBUF_X9_Y0_N16   ; Preserved from Post-Fit or Imported Netlist ;
;                           ;           ;               ;                    ;                                             ;
; rgb[1]                    ; Top       ; Output Port   ; n/a                ;                                             ;
;     -- rgb[1]             ; Top       ; Output Pad    ; IOPAD_X0_Y21_N7    ; Preserved from Post-Fit or Imported Netlist ;
;     -- rgb[1]~output      ; Top       ; Output Buffer ; IOOBUF_X0_Y21_N9   ; Preserved from Post-Fit or Imported Netlist ;
;                           ;           ;               ;                    ;                                             ;
; rgb[20]                   ; Top       ; Output Port   ; n/a                ;                                             ;
;     -- rgb[20]            ; Top       ; Output Pad    ; IOPAD_X0_Y19_N0    ; Preserved from Post-Fit or Imported Netlist ;
;     -- rgb[20]~output     ; Top       ; Output Buffer ; IOOBUF_X0_Y19_N2   ; Preserved from Post-Fit or Imported Netlist ;
;                           ;           ;               ;                    ;                                             ;
; rgb[21]                   ; Top       ; Output Port   ; n/a                ;                                             ;
;     -- rgb[21]            ; Top       ; Output Pad    ; IOPAD_X1_Y24_N0    ; Preserved from Post-Fit or Imported Netlist ;
;     -- rgb[21]~output     ; Top       ; Output Buffer ; IOOBUF_X1_Y24_N2   ; Preserved from Post-Fit or Imported Netlist ;
;                           ;           ;               ;                    ;                                             ;
; rgb[22]                   ; Top       ; Output Port   ; n/a                ;                                             ;
;     -- rgb[22]            ; Top       ; Output Pad    ; IOPAD_X16_Y24_N14  ; Preserved from Post-Fit or Imported Netlist ;
;     -- rgb[22]~output     ; Top       ; Output Buffer ; IOOBUF_X16_Y24_N16 ; Preserved from Post-Fit or Imported Netlist ;
;                           ;           ;               ;                    ;                                             ;
; rgb[23]                   ; Top       ; Output Port   ; n/a                ;                                             ;
;     -- rgb[23]            ; Top       ; Output Pad    ; IOPAD_X1_Y24_N7    ; Preserved from Post-Fit or Imported Netlist ;
;     -- rgb[23]~output     ; Top       ; Output Buffer ; IOOBUF_X1_Y24_N9   ; Preserved from Post-Fit or Imported Netlist ;
;                           ;           ;               ;                    ;                                             ;
; rgb[2]                    ; Top       ; Output Port   ; n/a                ;                                             ;
;     -- rgb[2]             ; Top       ; Output Pad    ; IOPAD_X0_Y19_N21   ; Preserved from Post-Fit or Imported Netlist ;
;     -- rgb[2]~output      ; Top       ; Output Buffer ; IOOBUF_X0_Y19_N23  ; Preserved from Post-Fit or Imported Netlist ;
;                           ;           ;               ;                    ;                                             ;
; rgb[3]                    ; Top       ; Output Port   ; n/a                ;                                             ;
;     -- rgb[3]             ; Top       ; Output Pad    ; IOPAD_X0_Y19_N14   ; Preserved from Post-Fit or Imported Netlist ;
;     -- rgb[3]~output      ; Top       ; Output Buffer ; IOOBUF_X0_Y19_N16  ; Preserved from Post-Fit or Imported Netlist ;
;                           ;           ;               ;                    ;                                             ;
; rgb[4]                    ; Top       ; Output Port   ; n/a                ;                                             ;
;     -- rgb[4]             ; Top       ; Output Pad    ; IOPAD_X0_Y18_N21   ; Preserved from Post-Fit or Imported Netlist ;
;     -- rgb[4]~output      ; Top       ; Output Buffer ; IOOBUF_X0_Y18_N23  ; Preserved from Post-Fit or Imported Netlist ;
;                           ;           ;               ;                    ;                                             ;
; rgb[5]                    ; Top       ; Output Port   ; n/a                ;                                             ;
;     -- rgb[5]             ; Top       ; Output Pad    ; IOPAD_X0_Y22_N14   ; Preserved from Post-Fit or Imported Netlist ;
;     -- rgb[5]~output      ; Top       ; Output Buffer ; IOOBUF_X0_Y22_N16  ; Preserved from Post-Fit or Imported Netlist ;
;                           ;           ;               ;                    ;                                             ;
; rgb[6]                    ; Top       ; Output Port   ; n/a                ;                                             ;
;     -- rgb[6]             ; Top       ; Output Pad    ; IOPAD_X0_Y22_N0    ; Preserved from Post-Fit or Imported Netlist ;
;     -- rgb[6]~output      ; Top       ; Output Buffer ; IOOBUF_X0_Y22_N2   ; Preserved from Post-Fit or Imported Netlist ;
;                           ;           ;               ;                    ;                                             ;
; rgb[7]                    ; Top       ; Output Port   ; n/a                ;                                             ;
;     -- rgb[7]             ; Top       ; Output Pad    ; IOPAD_X11_Y24_N14  ; Preserved from Post-Fit or Imported Netlist ;
;     -- rgb[7]~output      ; Top       ; Output Buffer ; IOOBUF_X11_Y24_N16 ; Preserved from Post-Fit or Imported Netlist ;
;                           ;           ;               ;                    ;                                             ;
; rgb[8]                    ; Top       ; Output Port   ; n/a                ;                                             ;
;     -- rgb[8]             ; Top       ; Output Pad    ; IOPAD_X0_Y10_N14   ; Preserved from Post-Fit or Imported Netlist ;
;     -- rgb[8]~output      ; Top       ; Output Buffer ; IOOBUF_X0_Y10_N16  ; Preserved from Post-Fit or Imported Netlist ;
;                           ;           ;               ;                    ;                                             ;
; rgb[9]                    ; Top       ; Output Port   ; n/a                ;                                             ;
;     -- rgb[9]             ; Top       ; Output Pad    ; IOPAD_X11_Y24_N21  ; Preserved from Post-Fit or Imported Netlist ;
;     -- rgb[9]~output      ; Top       ; Output Buffer ; IOOBUF_X11_Y24_N23 ; Preserved from Post-Fit or Imported Netlist ;
;                           ;           ;               ;                    ;                                             ;
; rst_n                     ; Top       ; Input Port    ; n/a                ;                                             ;
;     -- rst_n              ; Top       ; Input Pad     ; IOPAD_X0_Y11_N21   ; Preserved from Post-Fit or Imported Netlist ;
;     -- rst_n~input        ; Top       ; Input Buffer  ; IOIBUF_X0_Y11_N22  ; Preserved from Post-Fit or Imported Netlist ;
;                           ;           ;               ;                    ;                                             ;
; vs                        ; Top       ; Output Port   ; n/a                ;                                             ;
;     -- vs                 ; Top       ; Output Pad    ; IOPAD_X3_Y24_N7    ; Preserved from Post-Fit or Imported Netlist ;
;     -- vs~output          ; Top       ; Output Buffer ; IOOBUF_X3_Y24_N9   ; Preserved from Post-Fit or Imported Netlist ;
;                           ;           ;               ;                    ;                                             ;
+---------------------------+-----------+---------------+--------------------+---------------------------------------------+


+------------------------------------------------------------------------------------------------------------------------------+
; Partition Merge Resource Usage Summary                                                                                       ;
+---------------------------------------------+--------------------------------------------------------------------------------+
; Resource                                    ; Usage                                                                          ;
+---------------------------------------------+--------------------------------------------------------------------------------+
; Estimated Total logic elements              ; 711 / 10,320 ( 6 % )                                                           ;
;                                             ;                                                                                ;
; Total combinational functions               ; 673                                                                            ;
; Logic element usage by number of LUT inputs ;                                                                                ;
;     -- 4 input functions                    ; 152                                                                            ;
;     -- 3 input functions                    ; 165                                                                            ;
;     -- <=2 input functions                  ; 356                                                                            ;
;                                             ;                                                                                ;
; Logic elements by mode                      ;                                                                                ;
;     -- normal mode                          ; 446                                                                            ;
;     -- arithmetic mode                      ; 227                                                                            ;
;                                             ;                                                                                ;
; Total registers                             ; 78                                                                             ;
;     -- Dedicated logic registers            ; 78                                                                             ;
;     -- I/O registers                        ; 0                                                                              ;
;                                             ;                                                                                ;
; I/O pins                                    ; 31                                                                             ;
; Embedded Multiplier 9-bit elements          ; 0                                                                              ;
; Total PLLs                                  ; 1                                                                              ;
;     -- PLLs                                 ; 1                                                                              ;
;                                             ;                                                                                ;
; Maximum fan-out node                        ; pll:pll_70m|altpll:altpll_component|pll_altpll:auto_generated|wire_pll1_clk[0] ;
; Maximum fan-out                             ; 80                                                                             ;
; Total fan-out                               ; 2105                                                                           ;
; Average fan-out                             ; 2.55                                                                           ;
+---------------------------------------------+--------------------------------------------------------------------------------+


+--------------------------+
; Partition Merge Messages ;
+--------------------------+
Info: *******************************************************************
Info: Running Quartus II 64-Bit Partition Merge
    Info: Version 13.1.0 Build 162 10/23/2013 SJ Full Version
    Info: Processing started: Thu Aug 07 18:01:12 2025
Info: Command: quartus_cdb --read_settings_files=off --write_settings_files=off rgb_fpga -c rgb_fpga --merge=on
Info (35006): Using previously generated Fitter netlist for partition "Top"
Info (35002): Resolved and merged 1 partition(s)
Info (16010): Generating hard_block partition "hard_block:auto_generated_inst"
    Info (16011): Adding 1 node(s), including 0 DDIO, 1 PLL, 0 transceiver and 0 LCELL
Info (21057): Implemented 749 device resources after synthesis - the final resource count might be different
    Info (21058): Implemented 3 input pins
    Info (21059): Implemented 28 output pins
    Info (21061): Implemented 716 logic cells
    Info (21065): Implemented 1 PLLs
Info: Quartus II 64-Bit Partition Merge was successful. 0 errors, 0 warnings
    Info: Peak virtual memory: 4658 megabytes
    Info: Processing ended: Thu Aug 07 18:01:13 2025
    Info: Elapsed time: 00:00:01
    Info: Total CPU time (on all processors): 00:00:01


