Archive member included to satisfy reference by file (symbol)

c:/Users/rui/Desktop/iphone_screen/wch/code/hspi_usb3_ping_pong/hspi_usb3_ping_pong/User/USB30/libCH56x_USB30_device_lib.a(usb30_int.o)
                              ./User/USB30/CH56x_usb30.o (USB30_Device_Init)
c:/mounriver/mounriver_studio2/resources/app/resources/win32/components/wch/toolchain/risc-v embedded gcc/bin/../lib/gcc/riscv-none-embed/8.2.0/../../../../riscv-none-embed/lib/rv32imac/ilp32\libg_nano.a(lib_a-memcpy.o)
                              ./User/USB30/CH56x_usb30.o (memcpy)
c:/mounriver/mounriver_studio2/resources/app/resources/win32/components/wch/toolchain/risc-v embedded gcc/bin/../lib/gcc/riscv-none-embed/8.2.0/../../../../riscv-none-embed/lib/rv32imac/ilp32\libg_nano.a(lib_a-printf.o)
                              ./User/USB30/CH56x_usb30.o (printf)
c:/mounriver/mounriver_studio2/resources/app/resources/win32/components/wch/toolchain/risc-v embedded gcc/bin/../lib/gcc/riscv-none-embed/8.2.0/../../../../riscv-none-embed/lib/rv32imac/ilp32\libg_nano.a(lib_a-puts.o)
                              ./User/USB30/CH56x_usb30.o (puts)
c:/mounriver/mounriver_studio2/resources/app/resources/win32/components/wch/toolchain/risc-v embedded gcc/bin/../lib/gcc/riscv-none-embed/8.2.0/../../../../riscv-none-embed/lib/rv32imac/ilp32\libg_nano.a(lib_a-wbuf.o)
                              c:/mounriver/mounriver_studio2/resources/app/resources/win32/components/wch/toolchain/risc-v embedded gcc/bin/../lib/gcc/riscv-none-embed/8.2.0/../../../../riscv-none-embed/lib/rv32imac/ilp32\libg_nano.a(lib_a-puts.o) (__swbuf_r)
c:/mounriver/mounriver_studio2/resources/app/resources/win32/components/wch/toolchain/risc-v embedded gcc/bin/../lib/gcc/riscv-none-embed/8.2.0/../../../../riscv-none-embed/lib/rv32imac/ilp32\libg_nano.a(lib_a-wsetup.o)
                              c:/mounriver/mounriver_studio2/resources/app/resources/win32/components/wch/toolchain/risc-v embedded gcc/bin/../lib/gcc/riscv-none-embed/8.2.0/../../../../riscv-none-embed/lib/rv32imac/ilp32\libg_nano.a(lib_a-puts.o) (__swsetup_r)
c:/mounriver/mounriver_studio2/resources/app/resources/win32/components/wch/toolchain/risc-v embedded gcc/bin/../lib/gcc/riscv-none-embed/8.2.0/../../../../riscv-none-embed/lib/rv32imac/ilp32\libg_nano.a(lib_a-fflush.o)
                              c:/mounriver/mounriver_studio2/resources/app/resources/win32/components/wch/toolchain/risc-v embedded gcc/bin/../lib/gcc/riscv-none-embed/8.2.0/../../../../riscv-none-embed/lib/rv32imac/ilp32\libg_nano.a(lib_a-wbuf.o) (_fflush_r)
c:/mounriver/mounriver_studio2/resources/app/resources/win32/components/wch/toolchain/risc-v embedded gcc/bin/../lib/gcc/riscv-none-embed/8.2.0/../../../../riscv-none-embed/lib/rv32imac/ilp32\libg_nano.a(lib_a-findfp.o)
                              c:/mounriver/mounriver_studio2/resources/app/resources/win32/components/wch/toolchain/risc-v embedded gcc/bin/../lib/gcc/riscv-none-embed/8.2.0/../../../../riscv-none-embed/lib/rv32imac/ilp32\libg_nano.a(lib_a-printf.o) (__sinit)
c:/mounriver/mounriver_studio2/resources/app/resources/win32/components/wch/toolchain/risc-v embedded gcc/bin/../lib/gcc/riscv-none-embed/8.2.0/../../../../riscv-none-embed/lib/rv32imac/ilp32\libg_nano.a(lib_a-fwalk.o)
                              c:/mounriver/mounriver_studio2/resources/app/resources/win32/components/wch/toolchain/risc-v embedded gcc/bin/../lib/gcc/riscv-none-embed/8.2.0/../../../../riscv-none-embed/lib/rv32imac/ilp32\libg_nano.a(lib_a-findfp.o) (_fwalk)
c:/mounriver/mounriver_studio2/resources/app/resources/win32/components/wch/toolchain/risc-v embedded gcc/bin/../lib/gcc/riscv-none-embed/8.2.0/../../../../riscv-none-embed/lib/rv32imac/ilp32\libg_nano.a(lib_a-impure.o)
                              c:/mounriver/mounriver_studio2/resources/app/resources/win32/components/wch/toolchain/risc-v embedded gcc/bin/../lib/gcc/riscv-none-embed/8.2.0/../../../../riscv-none-embed/lib/rv32imac/ilp32\libg_nano.a(lib_a-fflush.o) (_global_impure_ptr)
c:/mounriver/mounriver_studio2/resources/app/resources/win32/components/wch/toolchain/risc-v embedded gcc/bin/../lib/gcc/riscv-none-embed/8.2.0/../../../../riscv-none-embed/lib/rv32imac/ilp32\libg_nano.a(lib_a-makebuf.o)
                              c:/mounriver/mounriver_studio2/resources/app/resources/win32/components/wch/toolchain/risc-v embedded gcc/bin/../lib/gcc/riscv-none-embed/8.2.0/../../../../riscv-none-embed/lib/rv32imac/ilp32\libg_nano.a(lib_a-wsetup.o) (__smakebuf_r)
c:/mounriver/mounriver_studio2/resources/app/resources/win32/components/wch/toolchain/risc-v embedded gcc/bin/../lib/gcc/riscv-none-embed/8.2.0/../../../../riscv-none-embed/lib/rv32imac/ilp32\libg_nano.a(lib_a-memset.o)
                              c:/mounriver/mounriver_studio2/resources/app/resources/win32/components/wch/toolchain/risc-v embedded gcc/bin/../lib/gcc/riscv-none-embed/8.2.0/../../../../riscv-none-embed/lib/rv32imac/ilp32\libg_nano.a(lib_a-findfp.o) (memset)
[...]
Memory Configuration

Name             Origin             Length             Attributes
FLASH            0x0000000000000000 0x0000000000070000 xr
RAM              0x0000000020000000 0x0000000000004000 xrw
RAMX             0x0000000020020000 0x0000000000008000 xrw
*default*        0x0000000000000000 0xffffffffffffffff

Linker script and memory map

LOAD ./User/USB30/CH56x_usb30.o
LOAD ./User/HSPI/hspi.o
LOAD ./User/Main.o
LOAD ./Startup/startup_CH56x.o
LOAD ./RVMSIS/core_riscv.o
LOAD ./Peripheral/src/CH56x_bus8.o
LOAD ./Peripheral/src/CH56x_clk.o
LOAD ./Peripheral/src/CH56x_dvp.o
LOAD ./Peripheral/src/CH56x_ecdc.o
LOAD ./Peripheral/src/CH56x_emmc.o
LOAD ./Peripheral/src/CH56x_eth.o
LOAD ./Peripheral/src/CH56x_gpio.o
LOAD ./Peripheral/src/CH56x_hspi.o
LOAD ./Peripheral/src/CH56x_pwm.o
LOAD ./Peripheral/src/CH56x_pwr.o
LOAD ./Peripheral/src/CH56x_spi.o
LOAD ./Peripheral/src/CH56x_sys.o
LOAD ./Peripheral/src/CH56x_timer.o
LOAD ./Peripheral/src/CH56x_uart.o
LOAD c:/Users/rui/Desktop/iphone_screen/wch/code/hspi_usb3_ping_pong/hspi_usb3_ping_pong/User/USB30/libCH56x_USB30_device_lib.a
LOAD c:/mounriver/mounriver_studio2/resources/app/resources/win32/components/wch/toolchain/risc-v embedded gcc/bin/../lib/gcc/riscv-none-embed/8.2.0/rv32imac/ilp32\libgcc.a
LOAD c:/mounriver/mounriver_studio2/resources/app/resources/win32/components/wch/toolchain/risc-v embedded gcc/bin/../lib/gcc/riscv-none-embed/8.2.0/../../../../riscv-none-embed/lib/rv32imac/ilp32\libg_nano.a
LOAD c:/mounriver/mounriver_studio2/resources/app/resources/win32/components/wch/toolchain/risc-v embedded gcc/bin/../lib/gcc/riscv-none-embed/8.2.0/../../../../riscv-none-embed/lib/rv32imac/ilp32\libc_nano.a
LOAD c:/mounriver/mounriver_studio2/resources/app/resources/win32/components/wch/toolchain/risc-v embedded gcc/bin/../lib/gcc/riscv-none-embed/8.2.0/rv32imac/ilp32\libgcc.a
START GROUP
LOAD c:/mounriver/mounriver_studio2/resources/app/resources/win32/components/wch/toolchain/risc-v embedded gcc/bin/../lib/gcc/riscv-none-embed/8.2.0/rv32imac/ilp32\libgcc.a
LOAD c:/mounriver/mounriver_studio2/resources/app/resources/win32/components/wch/toolchain/risc-v embedded gcc/bin/../lib/gcc/riscv-none-embed/8.2.0/../../../../riscv-none-embed/lib/rv32imac/ilp32\libc_nano.a
LOAD c:/mounriver/mounriver_studio2/resources/app/resources/win32/components/wch/toolchain/risc-v embedded gcc/bin/../lib/gcc/riscv-none-embed/8.2.0/../../../../riscv-none-embed/lib/rv32imac/ilp32\libnosys.a
END GROUP
START GROUP
LOAD c:/mounriver/mounriver_studio2/resources/app/resources/win32/components/wch/toolchain/risc-v embedded gcc/bin/../lib/gcc/riscv-none-embed/8.2.0/rv32imac/ilp32\libgcc.a
LOAD c:/mounriver/mounriver_studio2/resources/app/resources/win32/components/wch/toolchain/risc-v embedded gcc/bin/../lib/gcc/riscv-none-embed/8.2.0/../../../../riscv-none-embed/lib/rv32imac/ilp32\libc_nano.a
LOAD c:/mounriver/mounriver_studio2/resources/app/resources/win32/components/wch/toolchain/risc-v embedded gcc/bin/../lib/gcc/riscv-none-embed/8.2.0/../../../../riscv-none-embed/lib/rv32imac/ilp32\libnosys.a
END GROUP
                0x0000000000000800                __stack_size = 0x800
                [!provide]                        PROVIDE (_stack_size = __stack_size)

.init           0x0000000000000000        0x4
                0x0000000000000000                _sinit = .
                0x0000000000000000                . = ALIGN (0x4)
 *(SORT_NONE(.init))
 .init          0x0000000000000000        0x4 ./Startup/startup_CH56x.o
                0x0000000000000000                _start
                0x0000000000000004                . = ALIGN (0x4)
                0x0000000000000004                _einit = .

.vector         0x0000000000000004       0xbc
 *(.vector)
 .vector        0x0000000000000004       0x94 ./Startup/startup_CH56x.o
                0x00000000000000c0                . = ALIGN (0x40)
 *fill*         0x0000000000000098       0x28 

.hclib          0x0000000000000000        0x0
                0x0000000000000000                . = ALIGN (0x4)
 *ISPEM569.o(*)
                0x0000000000000000                . = ALIGN (0x4)

.text           0x00000000000000c0     0x277c
                0x00000000000000c0                . = ALIGN (0x4)
 *(.text)
 .text          0x00000000000000c0      0x4ea c:/Users/rui/Desktop/iphone_screen/wch/code/hspi_usb3_ping_pong/hspi_usb3_ping_pong/User/USB30/libCH56x_USB30_device_lib.a(usb30_int.o)
                0x00000000000000c0                USB30_Device_forceclr
                0x00000000000000ca                USB30_Device_Init
                0x000000000000015a                USB30_Lib_Getversion
                0x0000000000000160                USB30_ISO_Setendp
                0x00000000000001a0                USB30_ISO_Setdelay
                0x00000000000001a8                USB30_ITP_Enable
                0x00000000000001d6                USB30_OUT_Status
                0x00000000000001fc                USB30_OUT_Set
                0x0000000000000216                USB30_OUT_ClearIT
                0x000000000000022e                USB30_OUT_ClearPendingIT
                0x0000000000000244                USB30_OUT_ITflag
                0x000000000000025a                USB30_IN_ISO_Set
                0x0000000000000286                USB30_IN_Set
                0x00000000000002aa                USB30_IN_ClearPendingIT
                0x00000000000002c0                USB30_IN_ClearIT
                0x00000000000002d8                USB30_IN_ITflag
                0x00000000000002ee                USB30_IN_Nump
                0x0000000000000316                USB30_Set_endp_seqnumber
                0x0000000000000344                USB30_Send_ERDY
                0x0000000000000368                USB30_Device_Setaddress
                0x000000000000037e                USB30_Switch_Powermode
                0x0000000000000392                USB30_getDevAddress
                0x000000000000039c                stdreq
                0x000000000000042a                USB30_IRQHandler
 .text          0x00000000000005aa       0xa8 c:/mounriver/mounriver_studio2/resources/app/resources/win32/components/wch/toolchain/risc-v embedded gcc/bin/../lib/gcc/riscv-none-embed/8.2.0/../../../../riscv-none-embed/lib/rv32imac/ilp32\libg_nano.a(lib_a-memset.o)
                0x00000000000005aa                memset
 *(.text.*)
 .text.PFIC_DisableIRQ
                0x0000000000000652       0x18 ./User/USB30/CH56x_usb30.o
 .text.USB30D_init.part.0
                0x000000000000066a       0x30 ./User/USB30/CH56x_usb30.o
 .text.USB30D_init
                0x000000000000069a       0x28 ./User/USB30/CH56x_usb30.o
                0x000000000000069a                USB30D_init
 .text.USB30_NonStandardReq
                0x00000000000006c2       0xc2 ./User/USB30/CH56x_usb30.o
                0x00000000000006c2                USB30_NonStandardReq
 .text.USB30_StandardReq
                0x0000000000000784      0x1d6 ./User/USB30/CH56x_usb30.o
                0x0000000000000784                USB30_StandardReq
 .text.EP0_IN_Callback
                0x000000000000095a       0x72 ./User/USB30/CH56x_usb30.o
                0x000000000000095a                EP0_IN_Callback
 .text.EP0_OUT_Callback
                0x00000000000009cc        0x4 ./User/USB30/CH56x_usb30.o
                0x00000000000009cc                EP0_OUT_Callback
 .text.USB30_Setup_Status
                0x00000000000009d0       0x12 ./User/USB30/CH56x_usb30.o
                0x00000000000009d0                USB30_Setup_Status
 .text.USBSS_IRQHandler
                0x00000000000009e2        0x6 ./User/USB30/CH56x_usb30.o
                0x00000000000009e2                USBSS_IRQHandler
 .text.TMR0_IRQHandler
                0x00000000000009e8       0x94 ./User/USB30/CH56x_usb30.o
                0x00000000000009e8                TMR0_IRQHandler
 .text.LINK_IRQHandler
                0x0000000000000a7c      0x234 ./User/USB30/CH56x_usb30.o
                0x0000000000000a7c                LINK_IRQHandler
 .text.EP1_IN_Callback
                0x0000000000000cb0       0x8e ./User/USB30/CH56x_usb30.o
                0x0000000000000cb0                EP1_IN_Callback
 .text.EP1_OUT_Callback
                0x0000000000000d3e        0x2 ./User/USB30/CH56x_usb30.o
                0x0000000000000d3e                EP1_OUT_Callback
 .text.EP2_IN_Callback
                0x0000000000000d40        0x2 ./User/USB30/CH56x_usb30.o
                0x0000000000000d40                EP2_IN_Callback
 .text.EP3_IN_Callback
                0x0000000000000d42        0x2 ./User/USB30/CH56x_usb30.o
                0x0000000000000d42                EP3_IN_Callback
 .text.EP4_IN_Callback
                0x0000000000000d44        0x2 ./User/USB30/CH56x_usb30.o
                0x0000000000000d44                EP4_IN_Callback
 .text.EP5_IN_Callback
                0x0000000000000d46        0x2 ./User/USB30/CH56x_usb30.o
                0x0000000000000d46                EP5_IN_Callback
 .text.EP6_IN_Callback
                0x0000000000000d48        0x2 ./User/USB30/CH56x_usb30.o
                0x0000000000000d48                EP6_IN_Callback
 .text.EP7_IN_Callback
                0x0000000000000d4a        0x2 ./User/USB30/CH56x_usb30.o
                0x0000000000000d4a                EP7_IN_Callback
 .text.EP2_OUT_Callback
                0x0000000000000d4c        0x2 ./User/USB30/CH56x_usb30.o
                0x0000000000000d4c                EP2_OUT_Callback
 .text.EP3_OUT_Callback
                0x0000000000000d4e        0x2 ./User/USB30/CH56x_usb30.o
                0x0000000000000d4e                EP3_OUT_Callback
 .text.EP4_OUT_Callback
                0x0000000000000d50        0x2 ./User/USB30/CH56x_usb30.o
                0x0000000000000d50                EP4_OUT_Callback
 .text.EP5_OUT_Callback
                0x0000000000000d52        0x2 ./User/USB30/CH56x_usb30.o
                0x0000000000000d52                EP5_OUT_Callback
 .text.EP6_OUT_Callback
                0x0000000000000d54        0x2 ./User/USB30/CH56x_usb30.o
                0x0000000000000d54                EP6_OUT_Callback
 .text.EP7_OUT_Callback
                0x0000000000000d56        0x2 ./User/USB30/CH56x_usb30.o
                0x0000000000000d56                EP7_OUT_Callback
 .text.USB30_ITP_Callback
                0x0000000000000d58        0x2 ./User/USB30/CH56x_usb30.o
                0x0000000000000d58                USB30_ITP_Callback
 .text.hspi_init
                0x0000000000000d5a       0xf6 ./User/HSPI/hspi.o
                0x0000000000000d5a                hspi_init
 .text.HSPI_IRQHandler
                0x0000000000000e50       0x8c ./User/HSPI/hspi.o
                0x0000000000000e50                HSPI_IRQHandler
 .text.DebugInit
                0x0000000000000edc       0x52 ./User/Main.o
                0x0000000000000edc                DebugInit
 .text.startup.main
                0x0000000000000f2e      0x176 ./User/Main.o
                0x0000000000000f2e                main
 .text.vector_handler
                0x00000000000010a4        0x2 ./Startup/startup_CH56x.o
                0x00000000000010a4                GPIO_IRQHandler
                0x00000000000010a4                EMMC_IRQHandler
                0x00000000000010a4                HardFault_Handler
                0x00000000000010a4                SysTick_Handler
                0x00000000000010a4                NMI_Handler
                0x00000000000010a4                UART1_IRQHandler
                0x00000000000010a4                USBHS_IRQHandler
                0x00000000000010a4                UART0_IRQHandler
                0x00000000000010a4                PMT_IRQHandler
                0x00000000000010a4                SPI1_IRQHandler
                0x00000000000010a4                ECDC_IRQHandler
                0x00000000000010a4                DVP_IRQHandler
                0x00000000000010a4                UART2_IRQHandler
                0x00000000000010a4                TMR2_IRQHandler
                0x00000000000010a4                ETH_IRQHandler
                0x00000000000010a4                SW_Handler
                0x00000000000010a4                SPI0_IRQHandler
                0x00000000000010a4                WDOG_IRQHandler
                0x00000000000010a4                UART3_IRQHandler
                0x00000000000010a4                TMR1_IRQHandler
                0x00000000000010a4                SERDES_IRQHandler
 .text.handle_reset
                0x00000000000010a6       0x94 ./Startup/startup_CH56x.o
                0x00000000000010a6                handle_reset
 .text.SystemInit
                0x000000000000113a       0xfa ./Peripheral/src/CH56x_clk.o
                0x000000000000113a                SystemInit
 .text.Delay_Init
                0x0000000000001234       0x22 ./Peripheral/src/CH56x_sys.o
                0x0000000000001234                Delay_Init
 .text._write   0x0000000000001256       0x28 ./Peripheral/src/CH56x_sys.o
                0x0000000000001256                _write
 .text.TMR0_TimerInit
                0x000000000000127e       0x14 ./Peripheral/src/CH56x_timer.o
                0x000000000000127e                TMR0_TimerInit
 .text.memcpy   0x0000000000001292       0xb6 c:/mounriver/mounriver_studio2/resources/app/resources/win32/components/wch/toolchain/risc-v embedded gcc/bin/../lib/gcc/riscv-none-embed/8.2.0/../../../../riscv-none-embed/lib/rv32imac/ilp32\libg_nano.a(lib_a-memcpy.o)
                0x0000000000001292                memcpy
 .text.printf   0x0000000000001348       0x44 c:/mounriver/mounriver_studio2/resources/app/resources/win32/components/wch/toolchain/risc-v embedded gcc/bin/../lib/gcc/riscv-none-embed/8.2.0/../../../../riscv-none-embed/lib/rv32imac/ilp32\libg_nano.a(lib_a-printf.o)
                0x0000000000001348                iprintf
                0x0000000000001348                printf
 .text._puts_r  0x000000000000138c       0xda c:/mounriver/mounriver_studio2/resources/app/resources/win32/components/wch/toolchain/risc-v embedded gcc/bin/../lib/gcc/riscv-none-embed/8.2.0/../../../../riscv-none-embed/lib/rv32imac/ilp32\libg_nano.a(lib_a-puts.o)
                0x000000000000138c                _puts_r
 .text.puts     0x0000000000001466        0xe c:/mounriver/mounriver_studio2/resources/app/resources/win32/components/wch/toolchain/risc-v embedded gcc/bin/../lib/gcc/riscv-none-embed/8.2.0/../../../../riscv-none-embed/lib/rv32imac/ilp32\libg_nano.a(lib_a-puts.o)
                0x0000000000001466                puts
 .text.__swbuf_r
                0x0000000000001474       0xc0 c:/mounriver/mounriver_studio2/resources/app/resources/win32/components/wch/toolchain/risc-v embedded gcc/bin/../lib/gcc/riscv-none-embed/8.2.0/../../../../riscv-none-embed/lib/rv32imac/ilp32\libg_nano.a(lib_a-wbuf.o)
                0x0000000000001474                __swbuf_r
 .text.__swsetup_r
                0x0000000000001534      0x110 c:/mounriver/mounriver_studio2/resources/app/resources/win32/components/wch/toolchain/risc-v embedded gcc/bin/../lib/gcc/riscv-none-embed/8.2.0/../../../../riscv-none-embed/lib/rv32imac/ilp32\libg_nano.a(lib_a-wsetup.o)
                0x0000000000001534                __swsetup_r
 .text.__sflush_r
                0x0000000000001644      0x13c c:/mounriver/mounriver_studio2/resources/app/resources/win32/components/wch/toolchain/risc-v embedded gcc/bin/../lib/gcc/riscv-none-embed/8.2.0/../../../../riscv-none-embed/lib/rv32imac/ilp32\libg_nano.a(lib_a-fflush.o)
                0x0000000000001644                __sflush_r
 .text._fflush_r
                0x0000000000001780       0x64 c:/mounriver/mounriver_studio2/resources/app/resources/win32/components/wch/toolchain/risc-v embedded gcc/bin/../lib/gcc/riscv-none-embed/8.2.0/../../../../riscv-none-embed/lib/rv32imac/ilp32\libg_nano.a(lib_a-fflush.o)
                0x0000000000001780                _fflush_r
 .text.std      0x00000000000017e4       0x6a c:/mounriver/mounriver_studio2/resources/app/resources/win32/components/wch/toolchain/risc-v embedded gcc/bin/../lib/gcc/riscv-none-embed/8.2.0/../../../../riscv-none-embed/lib/rv32imac/ilp32\libg_nano.a(lib_a-findfp.o)
 .text._cleanup_r
                0x000000000000184e        0xa c:/mounriver/mounriver_studio2/resources/app/resources/win32/components/wch/toolchain/risc-v embedded gcc/bin/../lib/gcc/riscv-none-embed/8.2.0/../../../../riscv-none-embed/lib/rv32imac/ilp32\libg_nano.a(lib_a-findfp.o)
                0x000000000000184e                _cleanup_r
 .text.__sfmoreglue
                0x0000000000001858       0x46 c:/mounriver/mounriver_studio2/resources/app/resources/win32/components/wch/toolchain/risc-v embedded gcc/bin/../lib/gcc/riscv-none-embed/8.2.0/../../../../riscv-none-embed/lib/rv32imac/ilp32\libg_nano.a(lib_a-findfp.o)
                0x0000000000001858                __sfmoreglue
 .text.__sinit  0x000000000000189e       0x66 c:/mounriver/mounriver_studio2/resources/app/resources/win32/components/wch/toolchain/risc-v embedded gcc/bin/../lib/gcc/riscv-none-embed/8.2.0/../../../../riscv-none-embed/lib/rv32imac/ilp32\libg_nano.a(lib_a-findfp.o)
                0x000000000000189e                __sinit
 .text.__sfp    0x0000000000001904       0x9c c:/mounriver/mounriver_studio2/resources/app/resources/win32/components/wch/toolchain/risc-v embedded gcc/bin/../lib/gcc/riscv-none-embed/8.2.0/../../../../riscv-none-embed/lib/rv32imac/ilp32\libg_nano.a(lib_a-findfp.o)
                0x0000000000001904                __sfp
 .text._fwalk_reent
                0x00000000000019a0       0x6c c:/mounriver/mounriver_studio2/resources/app/resources/win32/components/wch/toolchain/risc-v embedded gcc/bin/../lib/gcc/riscv-none-embed/8.2.0/../../../../riscv-none-embed/lib/rv32imac/ilp32\libg_nano.a(lib_a-fwalk.o)
                0x00000000000019a0                _fwalk_reent
 .text.__swhatbuf_r
                0x0000000000001a0c       0x5a c:/mounriver/mounriver_studio2/resources/app/resources/win32/components/wch/toolchain/risc-v embedded gcc/bin/../lib/gcc/riscv-none-embed/8.2.0/../../../../riscv-none-embed/lib/rv32imac/ilp32\libg_nano.a(lib_a-makebuf.o)
                0x0000000000001a0c                __swhatbuf_r
 .text.__smakebuf_r
                0x0000000000001a66       0x9e c:/mounriver/mounriver_studio2/resources/app/resources/win32/components/wch/toolchain/risc-v embedded gcc/bin/../lib/gcc/riscv-none-embed/8.2.0/../../../../riscv-none-embed/lib/rv32imac/ilp32\libg_nano.a(lib_a-makebuf.o)
                0x0000000000001a66                __smakebuf_r
 .text._free_r  0x0000000000001b04       0xa8 c:/mounriver/mounriver_studio2/resources/app/resources/win32/components/wch/toolchain/risc-v embedded gcc/bin/../lib/gcc/riscv-none-embed/8.2.0/../../../../riscv-none-embed/lib/rv32imac/ilp32\libg_nano.a(lib_a-nano-freer.o)
                0x0000000000001b04                _free_r
 .text._malloc_r
                0x0000000000001bac       0xd4 c:/mounriver/mounriver_studio2/resources/app/resources/win32/components/wch/toolchain/risc-v embedded gcc/bin/../lib/gcc/riscv-none-embed/8.2.0/../../../../riscv-none-embed/lib/rv32imac/ilp32\libg_nano.a(lib_a-nano-mallocr.o)
                0x0000000000001bac                _malloc_r
 .text.__sfputc_r
                0x0000000000001c80       0x2a c:/mounriver/mounriver_studio2/resources/app/resources/win32/components/wch/toolchain/risc-v embedded gcc/bin/../lib/gcc/riscv-none-embed/8.2.0/../../../../riscv-none-embed/lib/rv32imac/ilp32\libg_nano.a(lib_a-nano-vfprintf.o)
 .text.__sfputs_r
                0x0000000000001caa       0x42 c:/mounriver/mounriver_studio2/resources/app/resources/win32/components/wch/toolchain/risc-v embedded gcc/bin/../lib/gcc/riscv-none-embed/8.2.0/../../../../riscv-none-embed/lib/rv32imac/ilp32\libg_nano.a(lib_a-nano-vfprintf.o)
                0x0000000000001caa                __sfputs_r
 .text._vfprintf_r
                0x0000000000001cec      0x298 c:/mounriver/mounriver_studio2/resources/app/resources/win32/components/wch/toolchain/risc-v embedded gcc/bin/../lib/gcc/riscv-none-embed/8.2.0/../../../../riscv-none-embed/lib/rv32imac/ilp32\libg_nano.a(lib_a-nano-vfprintf.o)
                0x0000000000001cec                _vfprintf_r
                0x0000000000001cec                _vfiprintf_r
 .text._printf_common
                0x0000000000001f84      0x10c c:/mounriver/mounriver_studio2/resources/app/resources/win32/components/wch/toolchain/risc-v embedded gcc/bin/../lib/gcc/riscv-none-embed/8.2.0/../../../../riscv-none-embed/lib/rv32imac/ilp32\libg_nano.a(lib_a-nano-vfprintf_i.o)
                0x0000000000001f84                _printf_common
 .text._printf_i
                0x0000000000002090      0x2a8 c:/mounriver/mounriver_studio2/resources/app/resources/win32/components/wch/toolchain/risc-v embedded gcc/bin/../lib/gcc/riscv-none-embed/8.2.0/../../../../riscv-none-embed/lib/rv32imac/ilp32\libg_nano.a(lib_a-nano-vfprintf_i.o)
                0x0000000000002090                _printf_i
 .text._sbrk_r  0x0000000000002338       0x28 c:/mounriver/mounriver_studio2/resources/app/resources/win32/components/wch/toolchain/risc-v embedded gcc/bin/../lib/gcc/riscv-none-embed/8.2.0/../../../../riscv-none-embed/lib/rv32imac/ilp32\libg_nano.a(lib_a-sbrkr.o)
                0x0000000000002338                _sbrk_r
 .text.__sread  0x0000000000002360       0x30 c:/mounriver/mounriver_studio2/resources/app/resources/win32/components/wch/toolchain/risc-v embedded gcc/bin/../lib/gcc/riscv-none-embed/8.2.0/../../../../riscv-none-embed/lib/rv32imac/ilp32\libg_nano.a(lib_a-stdio.o)
                0x0000000000002360                __sread
 .text.__swrite
                0x0000000000002390       0x4e c:/mounriver/mounriver_studio2/resources/app/resources/win32/components/wch/toolchain/risc-v embedded gcc/bin/../lib/gcc/riscv-none-embed/8.2.0/../../../../riscv-none-embed/lib/rv32imac/ilp32\libg_nano.a(lib_a-stdio.o)
                0x0000000000002390                __swrite
 .text.__sseek  0x00000000000023de       0x36 c:/mounriver/mounriver_studio2/resources/app/resources/win32/components/wch/toolchain/risc-v embedded gcc/bin/../lib/gcc/riscv-none-embed/8.2.0/../../../../riscv-none-embed/lib/rv32imac/ilp32\libg_nano.a(lib_a-stdio.o)
                0x00000000000023de                __sseek
 .text.__sclose
                0x0000000000002414        0x6 c:/mounriver/mounriver_studio2/resources/app/resources/win32/components/wch/toolchain/risc-v embedded gcc/bin/../lib/gcc/riscv-none-embed/8.2.0/../../../../riscv-none-embed/lib/rv32imac/ilp32\libg_nano.a(lib_a-stdio.o)
                0x0000000000002414                __sclose
 .text._write_r
                0x000000000000241a       0x2e c:/mounriver/mounriver_studio2/resources/app/resources/win32/components/wch/toolchain/risc-v embedded gcc/bin/../lib/gcc/riscv-none-embed/8.2.0/../../../../riscv-none-embed/lib/rv32imac/ilp32\libg_nano.a(lib_a-writer.o)
                0x000000000000241a                _write_r
 .text._close_r
                0x0000000000002448       0x28 c:/mounriver/mounriver_studio2/resources/app/resources/win32/components/wch/toolchain/risc-v embedded gcc/bin/../lib/gcc/riscv-none-embed/8.2.0/../../../../riscv-none-embed/lib/rv32imac/ilp32\libg_nano.a(lib_a-closer.o)
                0x0000000000002448                _close_r
 .text._fstat_r
                0x0000000000002470       0x2a c:/mounriver/mounriver_studio2/resources/app/resources/win32/components/wch/toolchain/risc-v embedded gcc/bin/../lib/gcc/riscv-none-embed/8.2.0/../../../../riscv-none-embed/lib/rv32imac/ilp32\libg_nano.a(lib_a-fstatr.o)
                0x0000000000002470                _fstat_r
 .text._isatty_r
                0x000000000000249a       0x28 c:/mounriver/mounriver_studio2/resources/app/resources/win32/components/wch/toolchain/risc-v embedded gcc/bin/../lib/gcc/riscv-none-embed/8.2.0/../../../../riscv-none-embed/lib/rv32imac/ilp32\libg_nano.a(lib_a-isattyr.o)
                0x000000000000249a                _isatty_r
 .text._lseek_r
                0x00000000000024c2       0x2c c:/mounriver/mounriver_studio2/resources/app/resources/win32/components/wch/toolchain/risc-v embedded gcc/bin/../lib/gcc/riscv-none-embed/8.2.0/../../../../riscv-none-embed/lib/rv32imac/ilp32\libg_nano.a(lib_a-lseekr.o)
                0x00000000000024c2                _lseek_r
 .text.memchr   0x00000000000024ee       0x1a c:/mounriver/mounriver_studio2/resources/app/resources/win32/components/wch/toolchain/risc-v embedded gcc/bin/../lib/gcc/riscv-none-embed/8.2.0/../../../../riscv-none-embed/lib/rv32imac/ilp32\libg_nano.a(lib_a-memchr.o)
                0x00000000000024ee                memchr
 .text.__malloc_lock
                0x0000000000002508        0x2 c:/mounriver/mounriver_studio2/resources/app/resources/win32/components/wch/toolchain/risc-v embedded gcc/bin/../lib/gcc/riscv-none-embed/8.2.0/../../../../riscv-none-embed/lib/rv32imac/ilp32\libg_nano.a(lib_a-mlock.o)
                0x0000000000002508                __malloc_lock
 .text.__malloc_unlock
                0x000000000000250a        0x2 c:/mounriver/mounriver_studio2/resources/app/resources/win32/components/wch/toolchain/risc-v embedded gcc/bin/../lib/gcc/riscv-none-embed/8.2.0/../../../../riscv-none-embed/lib/rv32imac/ilp32\libg_nano.a(lib_a-mlock.o)
                0x000000000000250a                __malloc_unlock
 .text._read_r  0x000000000000250c       0x2c c:/mounriver/mounriver_studio2/resources/app/resources/win32/components/wch/toolchain/risc-v embedded gcc/bin/../lib/gcc/riscv-none-embed/8.2.0/../../../../riscv-none-embed/lib/rv32imac/ilp32\libg_nano.a(lib_a-readr.o)
                0x000000000000250c                _read_r
 .text._close   0x0000000000002538        0xc c:/mounriver/mounriver_studio2/resources/app/resources/win32/components/wch/toolchain/risc-v embedded gcc/bin/../lib/gcc/riscv-none-embed/8.2.0/../../../../riscv-none-embed/lib/rv32imac/ilp32\libnosys.a(close.o)
                0x0000000000002538                _close
 .text._fstat   0x0000000000002544        0xc c:/mounriver/mounriver_studio2/resources/app/resources/win32/components/wch/toolchain/risc-v embedded gcc/bin/../lib/gcc/riscv-none-embed/8.2.0/../../../../riscv-none-embed/lib/rv32imac/ilp32\libnosys.a(fstat.o)
                0x0000000000002544                _fstat
 .text._isatty  0x0000000000002550        0xc c:/mounriver/mounriver_studio2/resources/app/resources/win32/components/wch/toolchain/risc-v embedded gcc/bin/../lib/gcc/riscv-none-embed/8.2.0/../../../../riscv-none-embed/lib/rv32imac/ilp32\libnosys.a(isatty.o)
                0x0000000000002550                _isatty
 .text._lseek   0x000000000000255c        0xc c:/mounriver/mounriver_studio2/resources/app/resources/win32/components/wch/toolchain/risc-v embedded gcc/bin/../lib/gcc/riscv-none-embed/8.2.0/../../../../riscv-none-embed/lib/rv32imac/ilp32\libnosys.a(lseek.o)
                0x000000000000255c                _lseek
 .text._read    0x0000000000002568        0xc c:/mounriver/mounriver_studio2/resources/app/resources/win32/components/wch/toolchain/risc-v embedded gcc/bin/../lib/gcc/riscv-none-embed/8.2.0/../../../../riscv-none-embed/lib/rv32imac/ilp32\libnosys.a(read.o)
                0x0000000000002568                _read
 .text._sbrk    0x0000000000002574       0x20 c:/mounriver/mounriver_studio2/resources/app/resources/win32/components/wch/toolchain/risc-v embedded gcc/bin/../lib/gcc/riscv-none-embed/8.2.0/../../../../riscv-none-embed/lib/rv32imac/ilp32\libnosys.a(sbrk.o)
                0x0000000000002574                _sbrk
 *(.rodata)
 *(.rodata*)
 *fill*         0x0000000000002594        0x0 
 .rodata.BOSDescriptor
                0x0000000000002594       0x16 ./User/USB30/CH56x_usb30.o
                0x0000000000002594                BOSDescriptor
 *fill*         0x00000000000025aa        0x2 
 .rodata.EP1_IN_Callback.str1.4
                0x00000000000025ac        0x7 ./User/USB30/CH56x_usb30.o
 *fill*         0x00000000000025b3        0x1 
 .rodata.LINK_IRQHandler.str1.4
                0x00000000000025b4       0x40 ./User/USB30/CH56x_usb30.o
 .rodata.OSStringDescriptor
                0x00000000000025f4       0x12 ./User/USB30/CH56x_usb30.o
                0x00000000000025f4                OSStringDescriptor
 *fill*         0x0000000000002606        0x2 
 .rodata.PropertyHeader
                0x0000000000002608       0x8e ./User/USB30/CH56x_usb30.o
                0x0000000000002608                PropertyHeader
 *fill*         0x0000000000002696        0x2 
 .rodata.SS_ConfigDescriptor
                0x0000000000002698       0x2c ./User/USB30/CH56x_usb30.o
                0x0000000000002698                SS_ConfigDescriptor
 .rodata.SS_DeviceDescriptor
                0x00000000000026c4       0x12 ./User/USB30/CH56x_usb30.o
                0x00000000000026c4                SS_DeviceDescriptor
 *fill*         0x00000000000026d6        0x2 
 .rodata.StringProduct
                0x00000000000026d8       0x26 ./User/USB30/CH56x_usb30.o
                0x00000000000026d8                StringProduct
 *fill*         0x00000000000026fe        0x2 
 .rodata.TMR0_IRQHandler.str1.4
                0x0000000000002700       0x3e ./User/USB30/CH56x_usb30.o
 *fill*         0x000000000000273e        0x2 
 .rodata.USB30D_init.part.0.str1.4
                0x0000000000002740        0x9 ./User/USB30/CH56x_usb30.o
 *fill*         0x0000000000002749        0x3 
 .rodata.HSPI_IRQHandler.str1.4
                0x000000000000274c       0x19 ./User/HSPI/hspi.o
 *fill*         0x0000000000002765        0x3 
 .rodata.main.str1.4
                0x0000000000002768       0x36 ./User/Main.o
 *fill*         0x000000000000279e        0x2 
 .rodata.__sf_fake_stderr
                0x00000000000027a0       0x20 c:/mounriver/mounriver_studio2/resources/app/resources/win32/components/wch/toolchain/risc-v embedded gcc/bin/../lib/gcc/riscv-none-embed/8.2.0/../../../../riscv-none-embed/lib/rv32imac/ilp32\libg_nano.a(lib_a-findfp.o)
                0x00000000000027a0                __sf_fake_stderr
 .rodata.__sf_fake_stdin
                0x00000000000027c0       0x20 c:/mounriver/mounriver_studio2/resources/app/resources/win32/components/wch/toolchain/risc-v embedded gcc/bin/../lib/gcc/riscv-none-embed/8.2.0/../../../../riscv-none-embed/lib/rv32imac/ilp32\libg_nano.a(lib_a-findfp.o)
                0x00000000000027c0                __sf_fake_stdin
 .rodata.__sf_fake_stdout
                0x00000000000027e0       0x20 c:/mounriver/mounriver_studio2/resources/app/resources/win32/components/wch/toolchain/risc-v embedded gcc/bin/../lib/gcc/riscv-none-embed/8.2.0/../../../../riscv-none-embed/lib/rv32imac/ilp32\libg_nano.a(lib_a-findfp.o)
                0x00000000000027e0                __sf_fake_stdout
 .rodata._vfprintf_r.str1.4
                0x0000000000002800       0x13 c:/mounriver/mounriver_studio2/resources/app/resources/win32/components/wch/toolchain/risc-v embedded gcc/bin/../lib/gcc/riscv-none-embed/8.2.0/../../../../riscv-none-embed/lib/rv32imac/ilp32\libg_nano.a(lib_a-nano-vfprintf.o)
 *fill*         0x0000000000002813        0x1 
 .rodata._printf_i.str1.4
                0x0000000000002814       0x28 c:/mounriver/mounriver_studio2/resources/app/resources/win32/components/wch/toolchain/risc-v embedded gcc/bin/../lib/gcc/riscv-none-embed/8.2.0/../../../../riscv-none-embed/lib/rv32imac/ilp32\libg_nano.a(lib_a-nano-vfprintf_i.o)
                                         0x25 (size before relaxing)
 *(.glue_7)
 *(.glue_7t)
 *(.gnu.linkonce.t.*)
                0x000000000000283c                . = ALIGN (0x4)

.rela.dyn       0x000000000000283c        0x0
 .rela.text.EP1_IN_Callback
                0x000000000000283c        0x0 ./User/USB30/CH56x_usb30.o
 .rela.text.startup.main
                0x000000000000283c        0x0 ./User/USB30/CH56x_usb30.o
 .rela.init     0x000000000000283c        0x0 ./User/USB30/CH56x_usb30.o
 .rela.vector   0x000000000000283c        0x0 ./User/USB30/CH56x_usb30.o
 .rela.text.handle_reset
                0x000000000000283c        0x0 ./User/USB30/CH56x_usb30.o
 .rela.text._vfprintf_r
                0x000000000000283c        0x0 ./User/USB30/CH56x_usb30.o
 .rela.text._sbrk_r
                0x000000000000283c        0x0 ./User/USB30/CH56x_usb30.o
 .rela.text._write_r
                0x000000000000283c        0x0 ./User/USB30/CH56x_usb30.o
 .rela.text._close_r
                0x000000000000283c        0x0 ./User/USB30/CH56x_usb30.o
 .rela.text._fstat_r
                0x000000000000283c        0x0 ./User/USB30/CH56x_usb30.o
 .rela.text._isatty_r
                0x000000000000283c        0x0 ./User/USB30/CH56x_usb30.o
 .rela.text._lseek_r
                0x000000000000283c        0x0 ./User/USB30/CH56x_usb30.o
 .rela.text._read_r
                0x000000000000283c        0x0 ./User/USB30/CH56x_usb30.o
 .rela.text._close
                0x000000000000283c        0x0 ./User/USB30/CH56x_usb30.o
 .rela.text._fstat
                0x000000000000283c        0x0 ./User/USB30/CH56x_usb30.o
 .rela.text._isatty
                0x000000000000283c        0x0 ./User/USB30/CH56x_usb30.o
 .rela.text._lseek
                0x000000000000283c        0x0 ./User/USB30/CH56x_usb30.o
 .rela.text._read
                0x000000000000283c        0x0 ./User/USB30/CH56x_usb30.o
 .rela.text._sbrk
                0x000000000000283c        0x0 ./User/USB30/CH56x_usb30.o

.fini           0x000000000000283c        0x0
 *(SORT_NONE(.fini))
                0x000000000000283c                . = ALIGN (0x4)
                [!provide]                        PROVIDE (_etext = .)
                [!provide]                        PROVIDE (_eitcm = .)

.preinit_array  0x000000000000283c        0x0
                [!provide]                        PROVIDE (__preinit_array_start = .)
 *(.preinit_array)
                [!provide]                        PROVIDE (__preinit_array_end = .)

.init_array     0x000000000000283c        0x0
                [!provide]                        PROVIDE (__init_array_start = .)
 *(SORT_BY_INIT_PRIORITY(.init_array.*) SORT_BY_INIT_PRIORITY(.ctors.*))
 *(.init_array EXCLUDE_FILE(*crtend?.o *crtend.o *crtbegin?.o *crtbegin.o) .ctors)
                [!provide]                        PROVIDE (__init_array_end = .)

.fini_array     0x000000000000283c        0x0
                [!provide]                        PROVIDE (__fini_array_start = .)
 *(SORT_BY_INIT_PRIORITY(.fini_array.*) SORT_BY_INIT_PRIORITY(.dtors.*))
 *(.fini_array EXCLUDE_FILE(*crtend?.o *crtend.o *crtbegin?.o *crtbegin.o) .dtors)
                [!provide]                        PROVIDE (__fini_array_end = .)

.ctors
 *crtbegin.o(.ctors)
 *crtbegin?.o(.ctors)
 *(EXCLUDE_FILE(*crtend?.o *crtend.o) .ctors)
 *(SORT_BY_NAME(.ctors.*))
 *(.ctors)

.dtors
 *crtbegin.o(.dtors)
 *crtbegin?.o(.dtors)
 *(EXCLUDE_FILE(*crtend?.o *crtend.o) .dtors)
 *(SORT_BY_NAME(.dtors.*))
 *(.dtors)

.dalign         0x0000000020000000        0x0 load address 0x000000000000283c
                0x0000000020000000                . = ALIGN (0x4)
                0x0000000020000000                PROVIDE (_data_vma = .)

.dlalign        0x000000000000283c        0x0
                0x000000000000283c                . = ALIGN (0x4)
                0x000000000000283c                PROVIDE (_data_lma = .)

.data           0x0000000020000000       0xc8 load address 0x000000000000283c
 *(.gnu.linkonce.r.*)
 *(.data .data.*)
 .data.StringSerial
                0x0000000020000000       0x16 ./User/USB30/CH56x_usb30.o
                0x0000000020000000                StringSerial
 *fill*         0x0000000020000016        0x2 
 .data          0x0000000020000018       0x38 c:/Users/rui/Desktop/iphone_screen/wch/code/hspi_usb3_ping_pong/hspi_usb3_ping_pong/User/USB30/libCH56x_USB30_device_lib.a(usb30_int.o)
                0x0000000020000018                pEpInt_IN
                0x0000000020000034                pEpInt_OUT
 .data.impure_data
                0x0000000020000050       0x60 c:/mounriver/mounriver_studio2/resources/app/resources/win32/components/wch/toolchain/risc-v embedded gcc/bin/../lib/gcc/riscv-none-embed/8.2.0/../../../../riscv-none-embed/lib/rv32imac/ilp32\libg_nano.a(lib_a-impure.o)
 *(.gnu.linkonce.d.*)
                0x00000000200000b0                . = ALIGN (0x8)
                0x00000000200008b0                PROVIDE (__global_pointer$ = (. + 0x800))
 *(.sdata .sdata.*)
 .sdata.usb_ep1_upload_done_flag
                0x00000000200000b0        0x1 ./User/USB30/CH56x_usb30.o
                0x00000000200000b0                usb_ep1_upload_done_flag
 *fill*         0x00000000200000b1        0x3 
 .sdata._impure_ptr
                0x00000000200000b4        0x4 c:/mounriver/mounriver_studio2/resources/app/resources/win32/components/wch/toolchain/risc-v embedded gcc/bin/../lib/gcc/riscv-none-embed/8.2.0/../../../../riscv-none-embed/lib/rv32imac/ilp32\libg_nano.a(lib_a-impure.o)
                0x00000000200000b4                _impure_ptr
 *(.sdata2.*)
 .sdata2.StringLangID
                0x00000000200000b8        0x4 ./User/USB30/CH56x_usb30.o
                0x00000000200000b8                StringLangID
 .sdata2.StringVendor
                0x00000000200000bc        0x8 ./User/USB30/CH56x_usb30.o
                0x00000000200000bc                StringVendor
 .sdata2._global_impure_ptr
                0x00000000200000c4        0x4 c:/mounriver/mounriver_studio2/resources/app/resources/win32/components/wch/toolchain/risc-v embedded gcc/bin/../lib/gcc/riscv-none-embed/8.2.0/../../../../riscv-none-embed/lib/rv32imac/ilp32\libg_nano.a(lib_a-impure.o)
                0x00000000200000c4                _global_impure_ptr
 *(.gnu.linkonce.s.*)
                0x00000000200000c8                . = ALIGN (0x8)
 *(.srodata.cst16)
 *(.srodata.cst8)
 *(.srodata.cst4)
 *(.srodata.cst2)
 *(.srodata .srodata.*)
                0x00000000200000c8                . = ALIGN (0x4)
                0x00000000200000c8                PROVIDE (_edata = .)

.bss            0x00000000200000c8       0x38 load address 0x0000000000002904
                0x00000000200000c8                . = ALIGN (0x4)
                0x00000000200000c8                PROVIDE (_sbss = .)
 *(.sbss*)
 .sbss.Link_Sta
                0x00000000200000c8        0x1 ./User/USB30/CH56x_usb30.o
                0x00000000200000c8                Link_Sta
 *fill*         0x00000000200000c9        0x3 
 .sbss.SetupLen
                0x00000000200000cc        0x4 ./User/USB30/CH56x_usb30.o
 .sbss.SetupReqCode
                0x00000000200000d0        0x1 ./User/USB30/CH56x_usb30.o
 .sbss.Tx_Lmp_Port
                0x00000000200000d1        0x1 ./User/USB30/CH56x_usb30.o
                0x00000000200000d1                Tx_Lmp_Port
 .sbss.last_send_packet
                0x00000000200000d2        0x1 ./User/USB30/CH56x_usb30.o
                0x00000000200000d2                last_send_packet
 *fill*         0x00000000200000d3        0x1 
 .sbss.pDescr   0x00000000200000d4        0x4 ./User/USB30/CH56x_usb30.o
 .sbss.ping_pong_state
                0x00000000200000d8        0x1 ./User/USB30/CH56x_usb30.o
                0x00000000200000d8                ping_pong_state
 *fill*         0x00000000200000d9        0x3 
 .sbss.Rx_Cnt.4026
                0x00000000200000dc        0x4 ./User/HSPI/hspi.o
 .sbss.hspi_receive_done
                0x00000000200000e0        0x1 ./User/HSPI/hspi.o
                0x00000000200000e0                hspi_receive_done
 *fill*         0x00000000200000e1        0x1 
 .sbss.p_ms     0x00000000200000e2        0x2 ./Peripheral/src/CH56x_sys.o
 .sbss.p_us     0x00000000200000e4        0x1 ./Peripheral/src/CH56x_sys.o
 .sbss          0x00000000200000e5        0x4 c:/Users/rui/Desktop/iphone_screen/wch/code/hspi_usb3_ping_pong/hspi_usb3_ping_pong/User/USB30/libCH56x_USB30_device_lib.a(usb30_int.o)
                0x00000000200000e7                ISO_MODE_STATUS
                0x00000000200000e8                ISO_endp
 *fill*         0x00000000200000e9        0x3 
 .sbss.__malloc_free_list
                0x00000000200000ec        0x4 c:/mounriver/mounriver_studio2/resources/app/resources/win32/components/wch/toolchain/risc-v embedded gcc/bin/../lib/gcc/riscv-none-embed/8.2.0/../../../../riscv-none-embed/lib/rv32imac/ilp32\libg_nano.a(lib_a-nano-mallocr.o)
                0x00000000200000ec                __malloc_free_list
 .sbss.__malloc_sbrk_start
                0x00000000200000f0        0x4 c:/mounriver/mounriver_studio2/resources/app/resources/win32/components/wch/toolchain/risc-v embedded gcc/bin/../lib/gcc/riscv-none-embed/8.2.0/../../../../riscv-none-embed/lib/rv32imac/ilp32\libg_nano.a(lib_a-nano-mallocr.o)
                0x00000000200000f0                __malloc_sbrk_start
 .sbss.heap_end.1518
                0x00000000200000f4        0x4 c:/mounriver/mounriver_studio2/resources/app/resources/win32/components/wch/toolchain/risc-v embedded gcc/bin/../lib/gcc/riscv-none-embed/8.2.0/../../../../riscv-none-embed/lib/rv32imac/ilp32\libnosys.a(sbrk.o)
 *(.gnu.linkonce.sb.*)
 *(.bss*)
 *(.gnu.linkonce.b.*)
 *(COMMON*)
 COMMON         0x00000000200000f8        0x4 ./User/USB30/CH56x_usb30.o
                0x00000000200000f8                tx_addr_ptr
 COMMON         0x00000000200000fc        0x4 c:/mounriver/mounriver_studio2/resources/app/resources/win32/components/wch/toolchain/risc-v embedded gcc/bin/../lib/gcc/riscv-none-embed/8.2.0/../../../../riscv-none-embed/lib/rv32imac/ilp32\libg_nano.a(lib_a-reent.o)
                0x00000000200000fc                errno
                0x0000000020000100                . = ALIGN (0x4)
                0x0000000020000100                PROVIDE (_ebss = .)
                [!provide]                        PROVIDE (_end = _ebss)
                0x0000000020000100                PROVIDE (end = .)

.DMADATA        0x0000000020020000     0x2200 load address 0x0000000000002904
                0x0000000020020000                . = ALIGN (0x10)
                0x0000000020020000                PROVIDE (_dmadata_start = .)
 *(.dmadata*)
 *(.dmadata.*)
                0x0000000020020000                . = ALIGN (0x10)
                0x0000000020020000                PROVIDE (_dmadata_end = .)
 .DMADATA       0x0000000020020000     0x2200 ./User/USB30/CH56x_usb30.o
                0x0000000020020000                endp0RTbuff
                0x0000000020020200                buffer1
                0x0000000020021200                buffer0

.stack          0x0000000020003800      0x800
                0x0000000020003800                . = ALIGN (0x4)
                [!provide]                        PROVIDE (_susrstack = .)
                0x0000000020004000                . = (. + __stack_size)
 *fill*         0x0000000020003800      0x800 
                0x0000000020004000                PROVIDE (_eusrstack = .)
OUTPUT(hspi_usb3_ping_pong.elf elf32-littleriscv)

.debug_info     0x0000000000000000     0x5f38
 .debug_info    0x0000000000000000     0x1b60 ./User/USB30/CH56x_usb30.o
 .debug_info    0x0000000000001b60      0xdac ./User/HSPI/hspi.o
 .debug_info    0x000000000000290c     0x1376 ./User/Main.o
 .debug_info    0x0000000000003c82       0x22 ./Startup/startup_CH56x.o
 .debug_info    0x0000000000003ca4      0xa07 ./Peripheral/src/CH56x_clk.o
 .debug_info    0x00000000000046ab      0xbd5 ./Peripheral/src/CH56x_sys.o
 .debug_info    0x0000000000005280      0xcb8 ./Peripheral/src/CH56x_timer.o

.debug_abbrev   0x0000000000000000     0x1204
 .debug_abbrev  0x0000000000000000      0x4a1 ./User/USB30/CH56x_usb30.o
 .debug_abbrev  0x00000000000004a1      0x2cf ./User/HSPI/hspi.o
 .debug_abbrev  0x0000000000000770      0x34d ./User/Main.o
 .debug_abbrev  0x0000000000000abd       0x12 ./Startup/startup_CH56x.o
 .debug_abbrev  0x0000000000000acf      0x230 ./Peripheral/src/CH56x_clk.o
 .debug_abbrev  0x0000000000000cff      0x299 ./Peripheral/src/CH56x_sys.o
 .debug_abbrev  0x0000000000000f98      0x26c ./Peripheral/src/CH56x_timer.o

.debug_loc      0x0000000000000000      0x670
 .debug_loc     0x0000000000000000      0x225 ./User/USB30/CH56x_usb30.o
 .debug_loc     0x0000000000000225       0x14 ./User/HSPI/hspi.o
 .debug_loc     0x0000000000000239      0x152 ./User/Main.o
 .debug_loc     0x000000000000038b       0x5c ./Peripheral/src/CH56x_clk.o
 .debug_loc     0x00000000000003e7      0x160 ./Peripheral/src/CH56x_sys.o
 .debug_loc     0x0000000000000547      0x129 ./Peripheral/src/CH56x_timer.o

.debug_aranges  0x0000000000000000      0x220
 .debug_aranges
                0x0000000000000000       0x88 ./User/USB30/CH56x_usb30.o
 .debug_aranges
                0x0000000000000088       0x28 ./User/HSPI/hspi.o
 .debug_aranges
                0x00000000000000b0       0x28 ./User/Main.o
 .debug_aranges
                0x00000000000000d8       0x38 ./Startup/startup_CH56x.o
 .debug_aranges
                0x0000000000000110       0x28 ./Peripheral/src/CH56x_clk.o
 .debug_aranges
                0x0000000000000138       0x60 ./Peripheral/src/CH56x_sys.o
 .debug_aranges
                0x0000000000000198       0x88 ./Peripheral/src/CH56x_timer.o

.debug_ranges   0x0000000000000000      0x1e8
 .debug_ranges  0x0000000000000000       0xa8 ./User/USB30/CH56x_usb30.o
 .debug_ranges  0x00000000000000a8       0x18 ./User/HSPI/hspi.o
 .debug_ranges  0x00000000000000c0       0x18 ./User/Main.o
 .debug_ranges  0x00000000000000d8       0x30 ./Startup/startup_CH56x.o
 .debug_ranges  0x0000000000000108       0x18 ./Peripheral/src/CH56x_clk.o
 .debug_ranges  0x0000000000000120       0x50 ./Peripheral/src/CH56x_sys.o
 .debug_ranges  0x0000000000000170       0x78 ./Peripheral/src/CH56x_timer.o

.debug_line     0x0000000000000000     0x3aa3
 .debug_line    0x0000000000000000     0x159d ./User/USB30/CH56x_usb30.o
 .debug_line    0x000000000000159d      0x5e1 ./User/HSPI/hspi.o
 .debug_line    0x0000000000001b7e      0x877 ./User/Main.o
 .debug_line    0x00000000000023f5      0x1c1 ./Startup/startup_CH56x.o
 .debug_line    0x00000000000025b6      0x540 ./Peripheral/src/CH56x_clk.o
 .debug_line    0x0000000000002af6      0x7d4 ./Peripheral/src/CH56x_sys.o
 .debug_line    0x00000000000032ca      0x7d9 ./Peripheral/src/CH56x_timer.o

.debug_str      0x0000000000000000     0x12ec
 .debug_str     0x0000000000000000      0xeac ./User/USB30/CH56x_usb30.o
                                        0xf2a (size before relaxing)
 .debug_str     0x0000000000000eac       0x35 ./User/HSPI/hspi.o
                                        0x861 (size before relaxing)
 .debug_str     0x0000000000000ee1       0x46 ./User/Main.o
                                        0xbe3 (size before relaxing)
 .debug_str     0x0000000000000f27       0x27 ./Startup/startup_CH56x.o
                                         0x7f (size before relaxing)
 .debug_str     0x0000000000000f4e       0xc9 ./Peripheral/src/CH56x_clk.o
                                        0x679 (size before relaxing)
 .debug_str     0x0000000000001017       0xef ./Peripheral/src/CH56x_sys.o
                                        0x6e1 (size before relaxing)
 .debug_str     0x0000000000001106      0x1e6 ./Peripheral/src/CH56x_timer.o
                                        0x7a8 (size before relaxing)

.comment        0x0000000000000000       0x33
 .comment       0x0000000000000000       0x33 ./User/USB30/CH56x_usb30.o
                                         0x34 (size before relaxing)
 .comment       0x0000000000000033       0x34 ./User/HSPI/hspi.o
 .comment       0x0000000000000033       0x34 ./User/Main.o
 .comment       0x0000000000000033       0x34 ./Peripheral/src/CH56x_clk.o
 .comment       0x0000000000000033       0x34 ./Peripheral/src/CH56x_sys.o
 .comment       0x0000000000000033       0x34 ./Peripheral/src/CH56x_timer.o
 .comment       0x0000000000000033       0x34 c:/Users/rui/Desktop/iphone_screen/wch/code/hspi_usb3_ping_pong/hspi_usb3_ping_pong/User/USB30/libCH56x_USB30_device_lib.a(usb30_int.o)

.debug_frame    0x0000000000000000      0xe20
 .debug_frame   0x0000000000000000      0x294 ./User/USB30/CH56x_usb30.o
 .debug_frame   0x0000000000000294       0x30 ./User/HSPI/hspi.o
 .debug_frame   0x00000000000002c4       0x48 ./User/Main.o
 .debug_frame   0x000000000000030c       0x30 ./Peripheral/src/CH56x_clk.o
 .debug_frame   0x000000000000033c       0xa0 ./Peripheral/src/CH56x_sys.o
 .debug_frame   0x00000000000003dc       0xf0 ./Peripheral/src/CH56x_timer.o
 .debug_frame   0x00000000000004cc       0x20 c:/mounriver/mounriver_studio2/resources/app/resources/win32/components/wch/toolchain/risc-v embedded gcc/bin/../lib/gcc/riscv-none-embed/8.2.0/../../../../riscv-none-embed/lib/rv32imac/ilp32\libg_nano.a(lib_a-memcpy.o)
 .debug_frame   0x00000000000004ec       0x54 c:/mounriver/mounriver_studio2/resources/app/resources/win32/components/wch/toolchain/risc-v embedded gcc/bin/../lib/gcc/riscv-none-embed/8.2.0/../../../../riscv-none-embed/lib/rv32imac/ilp32\libg_nano.a(lib_a-printf.o)
 .debug_frame   0x0000000000000540       0x54 c:/mounriver/mounriver_studio2/resources/app/resources/win32/components/wch/toolchain/risc-v embedded gcc/bin/../lib/gcc/riscv-none-embed/8.2.0/../../../../riscv-none-embed/lib/rv32imac/ilp32\libg_nano.a(lib_a-puts.o)
 .debug_frame   0x0000000000000594       0x50 c:/mounriver/mounriver_studio2/resources/app/resources/win32/components/wch/toolchain/risc-v embedded gcc/bin/../lib/gcc/riscv-none-embed/8.2.0/../../../../riscv-none-embed/lib/rv32imac/ilp32\libg_nano.a(lib_a-wbuf.o)
 .debug_frame   0x00000000000005e4       0x3c c:/mounriver/mounriver_studio2/resources/app/resources/win32/components/wch/toolchain/risc-v embedded gcc/bin/../lib/gcc/riscv-none-embed/8.2.0/../../../../riscv-none-embed/lib/rv32imac/ilp32\libg_nano.a(lib_a-wsetup.o)
 .debug_frame   0x0000000000000620       0x7c c:/mounriver/mounriver_studio2/resources/app/resources/win32/components/wch/toolchain/risc-v embedded gcc/bin/../lib/gcc/riscv-none-embed/8.2.0/../../../../riscv-none-embed/lib/rv32imac/ilp32\libg_nano.a(lib_a-fflush.o)
 .debug_frame   0x000000000000069c      0x148 c:/mounriver/mounriver_studio2/resources/app/resources/win32/components/wch/toolchain/risc-v embedded gcc/bin/../lib/gcc/riscv-none-embed/8.2.0/../../../../riscv-none-embed/lib/rv32imac/ilp32\libg_nano.a(lib_a-findfp.o)
 .debug_frame   0x00000000000007e4       0x88 c:/mounriver/mounriver_studio2/resources/app/resources/win32/components/wch/toolchain/risc-v embedded gcc/bin/../lib/gcc/riscv-none-embed/8.2.0/../../../../riscv-none-embed/lib/rv32imac/ilp32\libg_nano.a(lib_a-fwalk.o)
 .debug_frame   0x000000000000086c       0x64 c:/mounriver/mounriver_studio2/resources/app/resources/win32/components/wch/toolchain/risc-v embedded gcc/bin/../lib/gcc/riscv-none-embed/8.2.0/../../../../riscv-none-embed/lib/rv32imac/ilp32\libg_nano.a(lib_a-makebuf.o)
 .debug_frame   0x00000000000008d0       0x40 c:/mounriver/mounriver_studio2/resources/app/resources/win32/components/wch/toolchain/risc-v embedded gcc/bin/../lib/gcc/riscv-none-embed/8.2.0/../../../../riscv-none-embed/lib/rv32imac/ilp32\libg_nano.a(lib_a-nano-freer.o)
 .debug_frame   0x0000000000000910       0x40 c:/mounriver/mounriver_studio2/resources/app/resources/win32/components/wch/toolchain/risc-v embedded gcc/bin/../lib/gcc/riscv-none-embed/8.2.0/../../../../riscv-none-embed/lib/rv32imac/ilp32\libg_nano.a(lib_a-nano-mallocr.o)
 .debug_frame   0x0000000000000950       0xd0 c:/mounriver/mounriver_studio2/resources/app/resources/win32/components/wch/toolchain/risc-v embedded gcc/bin/../lib/gcc/riscv-none-embed/8.2.0/../../../../riscv-none-embed/lib/rv32imac/ilp32\libg_nano.a(lib_a-nano-vfprintf.o)
 .debug_frame   0x0000000000000a20       0x8c c:/mounriver/mounriver_studio2/resources/app/resources/win32/components/wch/toolchain/risc-v embedded gcc/bin/../lib/gcc/riscv-none-embed/8.2.0/../../../../riscv-none-embed/lib/rv32imac/ilp32\libg_nano.a(lib_a-nano-vfprintf_i.o)
 .debug_frame   0x0000000000000aac       0x30 c:/mounriver/mounriver_studio2/resources/app/resources/win32/components/wch/toolchain/risc-v embedded gcc/bin/../lib/gcc/riscv-none-embed/8.2.0/../../../../riscv-none-embed/lib/rv32imac/ilp32\libg_nano.a(lib_a-sbrkr.o)
 .debug_frame   0x0000000000000adc       0xa4 c:/mounriver/mounriver_studio2/resources/app/resources/win32/components/wch/toolchain/risc-v embedded gcc/bin/../lib/gcc/riscv-none-embed/8.2.0/../../../../riscv-none-embed/lib/rv32imac/ilp32\libg_nano.a(lib_a-stdio.o)
 .debug_frame   0x0000000000000b80       0x30 c:/mounriver/mounriver_studio2/resources/app/resources/win32/components/wch/toolchain/risc-v embedded gcc/bin/../lib/gcc/riscv-none-embed/8.2.0/../../../../riscv-none-embed/lib/rv32imac/ilp32\libg_nano.a(lib_a-writer.o)
 .debug_frame   0x0000000000000bb0       0x30 c:/mounriver/mounriver_studio2/resources/app/resources/win32/components/wch/toolchain/risc-v embedded gcc/bin/../lib/gcc/riscv-none-embed/8.2.0/../../../../riscv-none-embed/lib/rv32imac/ilp32\libg_nano.a(lib_a-closer.o)
 .debug_frame   0x0000000000000be0       0x30 c:/mounriver/mounriver_studio2/resources/app/resources/win32/components/wch/toolchain/risc-v embedded gcc/bin/../lib/gcc/riscv-none-embed/8.2.0/../../../../riscv-none-embed/lib/rv32imac/ilp32\libg_nano.a(lib_a-fstatr.o)
 .debug_frame   0x0000000000000c10       0x30 c:/mounriver/mounriver_studio2/resources/app/resources/win32/components/wch/toolchain/risc-v embedded gcc/bin/../lib/gcc/riscv-none-embed/8.2.0/../../../../riscv-none-embed/lib/rv32imac/ilp32\libg_nano.a(lib_a-isattyr.o)
 .debug_frame   0x0000000000000c40       0x30 c:/mounriver/mounriver_studio2/resources/app/resources/win32/components/wch/toolchain/risc-v embedded gcc/bin/../lib/gcc/riscv-none-embed/8.2.0/../../../../riscv-none-embed/lib/rv32imac/ilp32\libg_nano.a(lib_a-lseekr.o)
 .debug_frame   0x0000000000000c70       0x20 c:/mounriver/mounriver_studio2/resources/app/resources/win32/components/wch/toolchain/risc-v embedded gcc/bin/../lib/gcc/riscv-none-embed/8.2.0/../../../../riscv-none-embed/lib/rv32imac/ilp32\libg_nano.a(lib_a-memchr.o)
 .debug_frame   0x0000000000000c90       0x30 c:/mounriver/mounriver_studio2/resources/app/resources/win32/components/wch/toolchain/risc-v embedded gcc/bin/../lib/gcc/riscv-none-embed/8.2.0/../../../../riscv-none-embed/lib/rv32imac/ilp32\libg_nano.a(lib_a-mlock.o)
 .debug_frame   0x0000000000000cc0       0x30 c:/mounriver/mounriver_studio2/resources/app/resources/win32/components/wch/toolchain/risc-v embedded gcc/bin/../lib/gcc/riscv-none-embed/8.2.0/../../../../riscv-none-embed/lib/rv32imac/ilp32\libg_nano.a(lib_a-readr.o)
 .debug_frame   0x0000000000000cf0       0x70 c:/mounriver/mounriver_studio2/resources/app/resources/win32/components/wch/toolchain/risc-v embedded gcc/bin/../lib/gcc/riscv-none-embed/8.2.0/../../../../riscv-none-embed/lib/rv32imac/ilp32\libg_nano.a(lib_a-reent.o)
 .debug_frame   0x0000000000000d60       0x20 c:/mounriver/mounriver_studio2/resources/app/resources/win32/components/wch/toolchain/risc-v embedded gcc/bin/../lib/gcc/riscv-none-embed/8.2.0/../../../../riscv-none-embed/lib/rv32imac/ilp32\libnosys.a(close.o)
 .debug_frame   0x0000000000000d80       0x20 c:/mounriver/mounriver_studio2/resources/app/resources/win32/components/wch/toolchain/risc-v embedded gcc/bin/../lib/gcc/riscv-none-embed/8.2.0/../../../../riscv-none-embed/lib/rv32imac/ilp32\libnosys.a(fstat.o)
 .debug_frame   0x0000000000000da0       0x20 c:/mounriver/mounriver_studio2/resources/app/resources/win32/components/wch/toolchain/risc-v embedded gcc/bin/../lib/gcc/riscv-none-embed/8.2.0/../../../../riscv-none-embed/lib/rv32imac/ilp32\libnosys.a(isatty.o)
 .debug_frame   0x0000000000000dc0       0x20 c:/mounriver/mounriver_studio2/resources/app/resources/win32/components/wch/toolchain/risc-v embedded gcc/bin/../lib/gcc/riscv-none-embed/8.2.0/../../../../riscv-none-embed/lib/rv32imac/ilp32\libnosys.a(lseek.o)
 .debug_frame   0x0000000000000de0       0x20 c:/mounriver/mounriver_studio2/resources/app/resources/win32/components/wch/toolchain/risc-v embedded gcc/bin/../lib/gcc/riscv-none-embed/8.2.0/../../../../riscv-none-embed/lib/rv32imac/ilp32\libnosys.a(read.o)
 .debug_frame   0x0000000000000e00       0x20 c:/mounriver/mounriver_studio2/resources/app/resources/win32/components/wch/toolchain/risc-v embedded gcc/bin/../lib/gcc/riscv-none-embed/8.2.0/../../../../riscv-none-embed/lib/rv32imac/ilp32\libnosys.a(sbrk.o)

.stab           0x0000000000000000       0x84
 .stab          0x0000000000000000       0x24 c:/mounriver/mounriver_studio2/resources/app/resources/win32/components/wch/toolchain/risc-v embedded gcc/bin/../lib/gcc/riscv-none-embed/8.2.0/../../../../riscv-none-embed/lib/rv32imac/ilp32\libnosys.a(close.o)
 .stab          0x0000000000000024       0x18 c:/mounriver/mounriver_studio2/resources/app/resources/win32/components/wch/toolchain/risc-v embedded gcc/bin/../lib/gcc/riscv-none-embed/8.2.0/../../../../riscv-none-embed/lib/rv32imac/ilp32\libnosys.a(fstat.o)
                                         0x24 (size before relaxing)
 .stab          0x000000000000003c       0x18 c:/mounriver/mounriver_studio2/resources/app/resources/win32/components/wch/toolchain/risc-v embedded gcc/bin/../lib/gcc/riscv-none-embed/8.2.0/../../../../riscv-none-embed/lib/rv32imac/ilp32\libnosys.a(isatty.o)
                                         0x24 (size before relaxing)
 .stab          0x0000000000000054       0x18 c:/mounriver/mounriver_studio2/resources/app/resources/win32/components/wch/toolchain/risc-v embedded gcc/bin/../lib/gcc/riscv-none-embed/8.2.0/../../../../riscv-none-embed/lib/rv32imac/ilp32\libnosys.a(lseek.o)
                                         0x24 (size before relaxing)
 .stab          0x000000000000006c       0x18 c:/mounriver/mounriver_studio2/resources/app/resources/win32/components/wch/toolchain/risc-v embedded gcc/bin/../lib/gcc/riscv-none-embed/8.2.0/../../../../riscv-none-embed/lib/rv32imac/ilp32\libnosys.a(read.o)
                                         0x24 (size before relaxing)

.stabstr        0x0000000000000000      0x117
 .stabstr       0x0000000000000000      0x117 c:/mounriver/mounriver_studio2/resources/app/resources/win32/components/wch/toolchain/risc-v embedded gcc/bin/../lib/gcc/riscv-none-embed/8.2.0/../../../../riscv-none-embed/lib/rv32imac/ilp32\libnosys.a(close.o)
